// Jest Snapshot v1, https://goo.gl/fbAQLP

exports[`CaseloadPage shallow render correct 1`] = `ReactWrapper {}`;
